Started at Thu Oct 8 08:04:24 GMT 2026 (polyml-5.9.2_x86_64_32-linux on in-container)
ISABELLE_TOOL_JAVA_OPTIONS="-Djava.awt.headless=true -Xms512m -Xmx4g -Xss16m"
ISABELLE_BUILD_OPTIONS="threads=32"

ML_PLATFORM="x86_64_32-linux"
ML_HOME="/root/.isabelle/contrib/polyml-5.9.2-2/x86_64_32-linux"
ML_SYSTEM="polyml-5.9.2"
ML_OPTIONS="--minheap 500"

Session Pure/Pure
Session FOL/FOL
Session Misc/Tools
Session HOL/HOL (main)
Session HOL/HOL-Cardinals (timing)
Session HOL/HOL-Library (main timing)
Session HOL/HOL-Combinatorics (main timing)
Session HOL/HOL-Computational_Algebra (main timing)
Session HOL/HOL-Algebra (main timing)
Session HOL/HOL-Decision_Procs (timing)
Session HOL/HOL-Real_Asymp
Session HOL/HOL-Analysis (main timing)
Session HOL/HOL-Eisbach
Session Lib/ML_Utils (lib)
Session Lib/Eisbach_Tools (lib)
Session Lib/Monads (lib)
Session Lib/Word_Lib (lib)
Session Lib/Basics (lib)
Session Lib/Lib (lib)
Session Specifications/ExecSpec
Session Unsorted/LeanGate
Running LeanGate ...
LeanGate: theory LeanGate.Consts
LeanGate: theory LeanGate.Values
LeanGate: theory LeanGate.Values2
LeanGate: theory LeanGate.Consts 100% (0.522s cumulated time)
LeanGate: command "ML" running for 21.865s (line 9 of theory "LeanGate.Values")
LeanGate: command "ML" running for 21.862s (line 8 of theory "LeanGate.Values2")
LeanGate: theory LeanGate.Values 100% (23.778s cumulated time)
LeanGate: command "ML" running for 23.867s (line 8 of theory "LeanGate.Values2")
LeanGate: command "ML" running for 25.868s (line 8 of theory "LeanGate.Values2")
LeanGate: command "ML" running for 27.869s (line 8 of theory "LeanGate.Values2")
LeanGate: command "ML" running for 29.872s (line 8 of theory "LeanGate.Values2")
LeanGate: command "ML" running for 31.873s (line 8 of theory "LeanGate.Values2")
LeanGate: command "ML" running for 33.874s (line 8 of theory "LeanGate.Values2")
LeanGate: command "ML" running for 35.875s (line 8 of theory "LeanGate.Values2")
LeanGate: command "ML" running for 37.876s (line 8 of theory "LeanGate.Values2")
LeanGate: command "ML" running for 39.877s (line 8 of theory "LeanGate.Values2")
LeanGate: command "ML" running for 41.878s (line 8 of theory "LeanGate.Values2")
LeanGate: command "ML" running for 43.880s (line 8 of theory "LeanGate.Values2")
LeanGate: command "ML" running for 45.881s (line 8 of theory "LeanGate.Values2")
LeanGate: command "ML" running for 47.882s (line 8 of theory "LeanGate.Values2")
LeanGate: command "ML" running for 49.883s (line 8 of theory "LeanGate.Values2")
LeanGate: command "ML" running for 51.886s (line 8 of theory "LeanGate.Values2")
LeanGate: command "ML" running for 53.887s (line 8 of theory "LeanGate.Values2")
LeanGate: command "ML" running for 55.889s (line 8 of theory "LeanGate.Values2")
LeanGate: command "ML" running for 57.890s (line 8 of theory "LeanGate.Values2")
LeanGate: command "ML" running for 59.890s (line 8 of theory "LeanGate.Values2")
LeanGate: command "ML" running for 61.891s (line 8 of theory "LeanGate.Values2")
LeanGate: command "ML" running for 63.892s (line 8 of theory "LeanGate.Values2")
LeanGate: command "ML" running for 65.894s (line 8 of theory "LeanGate.Values2")
LeanGate: command "ML" running for 67.895s (line 8 of theory "LeanGate.Values2")
LeanGate: command "ML" running for 69.896s (line 8 of theory "LeanGate.Values2")
LeanGate: command "ML" running for 71.897s (line 8 of theory "LeanGate.Values2")
LeanGate: command "ML" running for 73.900s (line 8 of theory "LeanGate.Values2")
LeanGate: command "ML" running for 75.902s (line 8 of theory "LeanGate.Values2")
LeanGate: command "ML" running for 77.905s (line 8 of theory "LeanGate.Values2")
LeanGate: command "ML" running for 79.906s (line 8 of theory "LeanGate.Values2")
LeanGate: command "ML" running for 81.907s (line 8 of theory "LeanGate.Values2")
LeanGate: command "ML" running for 83.908s (line 8 of theory "LeanGate.Values2")
LeanGate: command "ML" running for 85.909s (line 8 of theory "LeanGate.Values2")
LeanGate: command "ML" running for 87.910s (line 8 of theory "LeanGate.Values2")
LeanGate: command "ML" running for 89.911s (line 8 of theory "LeanGate.Values2")
LeanGate: command "ML" running for 91.912s (line 8 of theory "LeanGate.Values2")
LeanGate: command "ML" running for 93.913s (line 8 of theory "LeanGate.Values2")
LeanGate: command "ML" running for 95.914s (line 8 of theory "LeanGate.Values2")
LeanGate: command "ML" running for 97.915s (line 8 of theory "LeanGate.Values2")
LeanGate: command "ML" running for 99.916s (line 8 of theory "LeanGate.Values2")
LeanGate: command "ML" running for 101.917s (line 8 of theory "LeanGate.Values2")
LeanGate: command "ML" running for 103.919s (line 8 of theory "LeanGate.Values2")
LeanGate: command "ML" running for 105.920s (line 8 of theory "LeanGate.Values2")
LeanGate: command "ML" running for 107.921s (line 8 of theory "LeanGate.Values2")
LeanGate: command "ML" running for 109.922s (line 8 of theory "LeanGate.Values2")
LeanGate: command "ML" running for 111.923s (line 8 of theory "LeanGate.Values2")
LeanGate: command "ML" running for 113.924s (line 8 of theory "LeanGate.Values2")
LeanGate: command "ML" running for 115.927s (line 8 of theory "LeanGate.Values2")
LeanGate: command "ML" running for 117.929s (line 8 of theory "LeanGate.Values2")
LeanGate: command "ML" running for 119.929s (line 8 of theory "LeanGate.Values2")
LeanGate: command "ML" running for 121.933s (line 8 of theory "LeanGate.Values2")
LeanGate: command "ML" running for 123.933s (line 8 of theory "LeanGate.Values2")
LeanGate: command "ML" running for 125.934s (line 8 of theory "LeanGate.Values2")
LeanGate: command "ML" running for 127.935s (line 8 of theory "LeanGate.Values2")
LeanGate: command "ML" running for 129.936s (line 8 of theory "LeanGate.Values2")
LeanGate: command "ML" running for 131.937s (line 8 of theory "LeanGate.Values2")
LeanGate: command "ML" running for 133.938s (line 8 of theory "LeanGate.Values2")
LeanGate: command "ML" running for 135.939s (line 8 of theory "LeanGate.Values2")
LeanGate: command "ML" running for 137.940s (line 8 of theory "LeanGate.Values2")
LeanGate: command "ML" running for 139.941s (line 8 of theory "LeanGate.Values2")
LeanGate: command "ML" running for 141.942s (line 8 of theory "LeanGate.Values2")
LeanGate: command "ML" running for 143.943s (line 8 of theory "LeanGate.Values2")
LeanGate: command "ML" running for 145.946s (line 8 of theory "LeanGate.Values2")
LeanGate: command "ML" running for 147.947s (line 8 of theory "LeanGate.Values2")
LeanGate: command "ML" running for 149.948s (line 8 of theory "LeanGate.Values2")
LeanGate: command "ML" running for 151.949s (line 8 of theory "LeanGate.Values2")
LeanGate: command "ML" running for 153.950s (line 8 of theory "LeanGate.Values2")
LeanGate: command "ML" running for 155.951s (line 8 of theory "LeanGate.Values2")
LeanGate: command "ML" running for 157.952s (line 8 of theory "LeanGate.Values2")
LeanGate: command "ML" running for 159.953s (line 8 of theory "LeanGate.Values2")
LeanGate: command "ML" running for 161.954s (line 8 of theory "LeanGate.Values2")
LeanGate: command "ML" running for 163.956s (line 8 of theory "LeanGate.Values2")
LeanGate: command "ML" running for 165.957s (line 8 of theory "LeanGate.Values2")
LeanGate: command "ML" running for 167.958s (line 8 of theory "LeanGate.Values2")
LeanGate: command "ML" running for 169.959s (line 8 of theory "LeanGate.Values2")
LeanGate: command "ML" running for 171.961s (line 8 of theory "LeanGate.Values2")
LeanGate: command "ML" running for 173.964s (line 8 of theory "LeanGate.Values2")
LeanGate: command "ML" running for 175.965s (line 8 of theory "LeanGate.Values2")
LeanGate: command "ML" running for 177.968s (line 8 of theory "LeanGate.Values2")
LeanGate: command "ML" running for 179.969s (line 8 of theory "LeanGate.Values2")
LeanGate: command "ML" running for 181.971s (line 8 of theory "LeanGate.Values2")
LeanGate: command "ML" running for 183.973s (line 8 of theory "LeanGate.Values2")
LeanGate: command "ML" running for 185.975s (line 8 of theory "LeanGate.Values2")
LeanGate: command "ML" running for 187.977s (line 8 of theory "LeanGate.Values2")
LeanGate: command "ML" running for 189.980s (line 8 of theory "LeanGate.Values2")
LeanGate: command "ML" running for 191.981s (line 8 of theory "LeanGate.Values2")
LeanGate: command "ML" running for 193.982s (line 8 of theory "LeanGate.Values2")
LeanGate: command "ML" running for 195.983s (line 8 of theory "LeanGate.Values2")
LeanGate: command "ML" running for 197.983s (line 8 of theory "LeanGate.Values2")
LeanGate: command "ML" running for 199.984s (line 8 of theory "LeanGate.Values2")
LeanGate: command "ML" running for 201.987s (line 8 of theory "LeanGate.Values2")
LeanGate: command "ML" running for 203.988s (line 8 of theory "LeanGate.Values2")
LeanGate: command "ML" running for 205.989s (line 8 of theory "LeanGate.Values2")
LeanGate: command "ML" running for 207.990s (line 8 of theory "LeanGate.Values2")
LeanGate: command "ML" running for 209.990s (line 8 of theory "LeanGate.Values2")
LeanGate: command "ML" running for 211.991s (line 8 of theory "LeanGate.Values2")
LeanGate: command "ML" running for 213.992s (line 8 of theory "LeanGate.Values2")
LeanGate: command "ML" running for 215.993s (line 8 of theory "LeanGate.Values2")
LeanGate: command "ML" running for 217.994s (line 8 of theory "LeanGate.Values2")
LeanGate: command "ML" running for 219.996s (line 8 of theory "LeanGate.Values2")
LeanGate: command "ML" running for 221.997s (line 8 of theory "LeanGate.Values2")
LeanGate: command "ML" running for 223.998s (line 8 of theory "LeanGate.Values2")
LeanGate: command "ML" running for 225.999s (line 8 of theory "LeanGate.Values2")
LeanGate: command "ML" running for 228.000s (line 8 of theory "LeanGate.Values2")
LeanGate: command "ML" running for 230.001s (line 8 of theory "LeanGate.Values2")
LeanGate: command "ML" running for 232.002s (line 8 of theory "LeanGate.Values2")
LeanGate: command "ML" running for 234.003s (line 8 of theory "LeanGate.Values2")
LeanGate: command "ML" running for 236.004s (line 8 of theory "LeanGate.Values2")
LeanGate: command "ML" running for 238.005s (line 8 of theory "LeanGate.Values2")
LeanGate: command "ML" running for 240.006s (line 8 of theory "LeanGate.Values2")
LeanGate: command "ML" running for 242.007s (line 8 of theory "LeanGate.Values2")
LeanGate: command "ML" running for 244.008s (line 8 of theory "LeanGate.Values2")
LeanGate: command "ML" running for 246.009s (line 8 of theory "LeanGate.Values2")
LeanGate: command "ML" running for 248.010s (line 8 of theory "LeanGate.Values2")
LeanGate: command "ML" running for 250.011s (line 8 of theory "LeanGate.Values2")
LeanGate: command "ML" running for 252.011s (line 8 of theory "LeanGate.Values2")
LeanGate: command "ML" running for 254.012s (line 8 of theory "LeanGate.Values2")
LeanGate: command "ML" running for 256.013s (line 8 of theory "LeanGate.Values2")
LeanGate: command "ML" running for 258.015s (line 8 of theory "LeanGate.Values2")
LeanGate: command "ML" running for 260.016s (line 8 of theory "LeanGate.Values2")
LeanGate: command "ML" running for 262.017s (line 8 of theory "LeanGate.Values2")
LeanGate: command "ML" running for 264.017s (line 8 of theory "LeanGate.Values2")
LeanGate: command "ML" running for 266.018s (line 8 of theory "LeanGate.Values2")
LeanGate: command "ML" running for 268.019s (line 8 of theory "LeanGate.Values2")
LeanGate: command "ML" running for 270.020s (line 8 of theory "LeanGate.Values2")
LeanGate: command "ML" running for 272.021s (line 8 of theory "LeanGate.Values2")
LeanGate: command "ML" running for 274.022s (line 8 of theory "LeanGate.Values2")
LeanGate: command "ML" running for 276.023s (line 8 of theory "LeanGate.Values2")
LeanGate: command "ML" running for 278.024s (line 8 of theory "LeanGate.Values2")
LeanGate: command "ML" running for 280.025s (line 8 of theory "LeanGate.Values2")
LeanGate: command "ML" running for 282.026s (line 8 of theory "LeanGate.Values2")
LeanGate: command "ML" running for 284.027s (line 8 of theory "LeanGate.Values2")
LeanGate: command "ML" running for 286.027s (line 8 of theory "LeanGate.Values2")
LeanGate: command "ML" running for 288.028s (line 8 of theory "LeanGate.Values2")
LeanGate: command "ML" running for 290.029s (line 8 of theory "LeanGate.Values2")
LeanGate: command "ML" running for 292.030s (line 8 of theory "LeanGate.Values2")
LeanGate: command "ML" running for 294.032s (line 8 of theory "LeanGate.Values2")
LeanGate: command "ML" running for 296.033s (line 8 of theory "LeanGate.Values2")
LeanGate: command "ML" running for 298.034s (line 8 of theory "LeanGate.Values2")
LeanGate: command "ML" running for 300.035s (line 8 of theory "LeanGate.Values2")
LeanGate: command "ML" running for 302.036s (line 8 of theory "LeanGate.Values2")
LeanGate: command "ML" running for 304.037s (line 8 of theory "LeanGate.Values2")
LeanGate: command "ML" running for 306.038s (line 8 of theory "LeanGate.Values2")
LeanGate: command "ML" running for 308.039s (line 8 of theory "LeanGate.Values2")
LeanGate: command "ML" running for 310.040s (line 8 of theory "LeanGate.Values2")
LeanGate: command "ML" running for 312.040s (line 8 of theory "LeanGate.Values2")
LeanGate: command "ML" running for 314.041s (line 8 of theory "LeanGate.Values2")
LeanGate: command "ML" running for 316.042s (line 8 of theory "LeanGate.Values2")
LeanGate: command "ML" running for 318.043s (line 8 of theory "LeanGate.Values2")
LeanGate: command "ML" running for 320.044s (line 8 of theory "LeanGate.Values2")
LeanGate: command "ML" running for 322.044s (line 8 of theory "LeanGate.Values2")
LeanGate: command "ML" running for 324.045s (line 8 of theory "LeanGate.Values2")
LeanGate: command "ML" running for 326.046s (line 8 of theory "LeanGate.Values2")
LeanGate: command "ML" running for 328.047s (line 8 of theory "LeanGate.Values2")
LeanGate: command "ML" running for 330.047s (line 8 of theory "LeanGate.Values2")
LeanGate: command "ML" running for 332.048s (line 8 of theory "LeanGate.Values2")
LeanGate: command "ML" running for 334.048s (line 8 of theory "LeanGate.Values2")
LeanGate: command "ML" running for 336.049s (line 8 of theory "LeanGate.Values2")
LeanGate: command "ML" running for 338.052s (line 8 of theory "LeanGate.Values2")
LeanGate: command "ML" running for 340.054s (line 8 of theory "LeanGate.Values2")
LeanGate: command "ML" running for 342.056s (line 8 of theory "LeanGate.Values2")
LeanGate: command "ML" running for 344.058s (line 8 of theory "LeanGate.Values2")
LeanGate: command "ML" running for 346.059s (line 8 of theory "LeanGate.Values2")
LeanGate: command "ML" running for 348.061s (line 8 of theory "LeanGate.Values2")
LeanGate: command "ML" running for 350.062s (line 8 of theory "LeanGate.Values2")
LeanGate: command "ML" running for 352.064s (line 8 of theory "LeanGate.Values2")
LeanGate: command "ML" running for 354.067s (line 8 of theory "LeanGate.Values2")
LeanGate: command "ML" running for 356.068s (line 8 of theory "LeanGate.Values2")
LeanGate: command "ML" running for 358.071s (line 8 of theory "LeanGate.Values2")
LeanGate: command "ML" running for 360.073s (line 8 of theory "LeanGate.Values2")
LeanGate: command "ML" running for 362.075s (line 8 of theory "LeanGate.Values2")
LeanGate: command "ML" running for 364.077s (line 8 of theory "LeanGate.Values2")
LeanGate: command "ML" running for 366.079s (line 8 of theory "LeanGate.Values2")
LeanGate: command "ML" running for 368.081s (line 8 of theory "LeanGate.Values2")
LeanGate: command "ML" running for 370.084s (line 8 of theory "LeanGate.Values2")
LeanGate: command "ML" running for 372.085s (line 8 of theory "LeanGate.Values2")
LeanGate: command "ML" running for 374.086s (line 8 of theory "LeanGate.Values2")
LeanGate: command "ML" running for 376.088s (line 8 of theory "LeanGate.Values2")
LeanGate: command "ML" running for 378.090s (line 8 of theory "LeanGate.Values2")
LeanGate: command "ML" running for 380.094s (line 8 of theory "LeanGate.Values2")
LeanGate: command "ML" running for 382.095s (line 8 of theory "LeanGate.Values2")
LeanGate: command "ML" running for 384.096s (line 8 of theory "LeanGate.Values2")
LeanGate: command "ML" running for 386.098s (line 8 of theory "LeanGate.Values2")
LeanGate: command "ML" running for 388.100s (line 8 of theory "LeanGate.Values2")
LeanGate: command "ML" running for 390.102s (line 8 of theory "LeanGate.Values2")
LeanGate: command "ML" running for 392.103s (line 8 of theory "LeanGate.Values2")
LeanGate: command "ML" running for 394.105s (line 8 of theory "LeanGate.Values2")
LeanGate: command "ML" running for 396.106s (line 8 of theory "LeanGate.Values2")
LeanGate: command "ML" running for 398.109s (line 8 of theory "LeanGate.Values2")
LeanGate: command "ML" running for 400.111s (line 8 of theory "LeanGate.Values2")
LeanGate: command "ML" running for 402.113s (line 8 of theory "LeanGate.Values2")
LeanGate: command "ML" running for 404.115s (line 8 of theory "LeanGate.Values2")
LeanGate: command "ML" running for 406.116s (line 8 of theory "LeanGate.Values2")
LeanGate: command "ML" running for 408.118s (line 8 of theory "LeanGate.Values2")
LeanGate: command "ML" running for 410.119s (line 8 of theory "LeanGate.Values2")
LeanGate: command "ML" running for 412.121s (line 8 of theory "LeanGate.Values2")
LeanGate: command "ML" running for 414.122s (line 8 of theory "LeanGate.Values2")
LeanGate: command "ML" running for 416.125s (line 8 of theory "LeanGate.Values2")
LeanGate: command "ML" running for 418.126s (line 8 of theory "LeanGate.Values2")
LeanGate: command "ML" running for 420.128s (line 8 of theory "LeanGate.Values2")
LeanGate: command "ML" running for 422.130s (line 8 of theory "LeanGate.Values2")
LeanGate: command "ML" running for 424.133s (line 8 of theory "LeanGate.Values2")
LeanGate: command "ML" running for 426.135s (line 8 of theory "LeanGate.Values2")
LeanGate: command "ML" running for 428.136s (line 8 of theory "LeanGate.Values2")
LeanGate: command "ML" running for 430.137s (line 8 of theory "LeanGate.Values2")
LeanGate: command "ML" running for 432.141s (line 8 of theory "LeanGate.Values2")
LeanGate: command "ML" running for 434.142s (line 8 of theory "LeanGate.Values2")
LeanGate: command "ML" running for 436.143s (line 8 of theory "LeanGate.Values2")
LeanGate: command "ML" running for 438.145s (line 8 of theory "LeanGate.Values2")
LeanGate: command "ML" running for 440.146s (line 8 of theory "LeanGate.Values2")
LeanGate: command "ML" running for 442.148s (line 8 of theory "LeanGate.Values2")
LeanGate: command "ML" running for 444.152s (line 8 of theory "LeanGate.Values2")
LeanGate: command "ML" running for 446.153s (line 8 of theory "LeanGate.Values2")
LeanGate: command "ML" running for 448.155s (line 8 of theory "LeanGate.Values2")
LeanGate: command "ML" running for 450.157s (line 8 of theory "LeanGate.Values2")
LeanGate: command "ML" running for 452.159s (line 8 of theory "LeanGate.Values2")
LeanGate: command "ML" running for 454.161s (line 8 of theory "LeanGate.Values2")
LeanGate: command "ML" running for 456.163s (line 8 of theory "LeanGate.Values2")
LeanGate: command "ML" running for 458.165s (line 8 of theory "LeanGate.Values2")
LeanGate: command "ML" running for 460.170s (line 8 of theory "LeanGate.Values2")
LeanGate: command "ML" running for 462.171s (line 8 of theory "LeanGate.Values2")
LeanGate: command "ML" running for 464.172s (line 8 of theory "LeanGate.Values2")
LeanGate: command "ML" running for 466.174s (line 8 of theory "LeanGate.Values2")
LeanGate: command "ML" running for 468.178s (line 8 of theory "LeanGate.Values2")
LeanGate: command "ML" running for 470.179s (line 8 of theory "LeanGate.Values2")
LeanGate: command "ML" running for 472.182s (line 8 of theory "LeanGate.Values2")
LeanGate: command "ML" running for 474.184s (line 8 of theory "LeanGate.Values2")
LeanGate: command "ML" running for 476.186s (line 8 of theory "LeanGate.Values2")
LeanGate: command "ML" running for 478.189s (line 8 of theory "LeanGate.Values2")
LeanGate: command "ML" running for 480.190s (line 8 of theory "LeanGate.Values2")
LeanGate: command "ML" running for 482.192s (line 8 of theory "LeanGate.Values2")
LeanGate: command "ML" running for 484.194s (line 8 of theory "LeanGate.Values2")
LeanGate: command "ML" running for 486.196s (line 8 of theory "LeanGate.Values2")
LeanGate: command "ML" running for 488.198s (line 8 of theory "LeanGate.Values2")
LeanGate: command "ML" running for 490.200s (line 8 of theory "LeanGate.Values2")
LeanGate: command "ML" running for 492.202s (line 8 of theory "LeanGate.Values2")
LeanGate: command "ML" running for 494.204s (line 8 of theory "LeanGate.Values2")
LeanGate: command "ML" running for 496.206s (line 8 of theory "LeanGate.Values2")
LeanGate: command "ML" running for 498.208s (line 8 of theory "LeanGate.Values2")
LeanGate: command "ML" running for 500.210s (line 8 of theory "LeanGate.Values2")
LeanGate: command "ML" running for 502.213s (line 8 of theory "LeanGate.Values2")
LeanGate: command "ML" running for 504.215s (line 8 of theory "LeanGate.Values2")
LeanGate: command "ML" running for 506.216s (line 8 of theory "LeanGate.Values2")
LeanGate: command "ML" running for 508.218s (line 8 of theory "LeanGate.Values2")
LeanGate: command "ML" running for 510.223s (line 8 of theory "LeanGate.Values2")
LeanGate: command "ML" running for 512.224s (line 8 of theory "LeanGate.Values2")
LeanGate: command "ML" running for 514.225s (line 8 of theory "LeanGate.Values2")
LeanGate: command "ML" running for 516.226s (line 8 of theory "LeanGate.Values2")
LeanGate: command "ML" running for 518.228s (line 8 of theory "LeanGate.Values2")
LeanGate: command "ML" running for 520.230s (line 8 of theory "LeanGate.Values2")
LeanGate: command "ML" running for 522.231s (line 8 of theory "LeanGate.Values2")
LeanGate: command "ML" running for 524.232s (line 8 of theory "LeanGate.Values2")
LeanGate: command "ML" running for 526.234s (line 8 of theory "LeanGate.Values2")
LeanGate: command "ML" running for 528.235s (line 8 of theory "LeanGate.Values2")
LeanGate: command "ML" running for 530.238s (line 8 of theory "LeanGate.Values2")
LeanGate: command "ML" running for 532.240s (line 8 of theory "LeanGate.Values2")
LeanGate: command "ML" running for 534.242s (line 8 of theory "LeanGate.Values2")
LeanGate: command "ML" running for 536.243s (line 8 of theory "LeanGate.Values2")
LeanGate: command "ML" running for 538.246s (line 8 of theory "LeanGate.Values2")
LeanGate: command "ML" running for 540.247s (line 8 of theory "LeanGate.Values2")
LeanGate: command "ML" running for 542.248s (line 8 of theory "LeanGate.Values2")
LeanGate: command "ML" running for 544.249s (line 8 of theory "LeanGate.Values2")
LeanGate: command "ML" running for 546.251s (line 8 of theory "LeanGate.Values2")
LeanGate: command "ML" running for 548.252s (line 8 of theory "LeanGate.Values2")
LeanGate: command "ML" running for 550.253s (line 8 of theory "LeanGate.Values2")
LeanGate: command "ML" running for 552.254s (line 8 of theory "LeanGate.Values2")
LeanGate: command "ML" running for 554.256s (line 8 of theory "LeanGate.Values2")
LeanGate: command "ML" running for 556.257s (line 8 of theory "LeanGate.Values2")
LeanGate: command "ML" running for 558.258s (line 8 of theory "LeanGate.Values2")
LeanGate: command "ML" running for 560.259s (line 8 of theory "LeanGate.Values2")
LeanGate: command "ML" running for 562.259s (line 8 of theory "LeanGate.Values2")
LeanGate: command "ML" running for 564.260s (line 8 of theory "LeanGate.Values2")
LeanGate: command "ML" running for 566.261s (line 8 of theory "LeanGate.Values2")
LeanGate: command "ML" running for 568.264s (line 8 of theory "LeanGate.Values2")
LeanGate: command "ML" running for 570.265s (line 8 of theory "LeanGate.Values2")
LeanGate: command "ML" running for 572.265s (line 8 of theory "LeanGate.Values2")
LeanGate: command "ML" running for 574.265s (line 8 of theory "LeanGate.Values2")
LeanGate: command "ML" running for 576.266s (line 8 of theory "LeanGate.Values2")
LeanGate: command "ML" running for 578.266s (line 8 of theory "LeanGate.Values2")
LeanGate: command "ML" running for 580.267s (line 8 of theory "LeanGate.Values2")
LeanGate: command "ML" running for 582.267s (line 8 of theory "LeanGate.Values2")
LeanGate: command "ML" running for 584.267s (line 8 of theory "LeanGate.Values2")
LeanGate: command "ML" running for 586.268s (line 8 of theory "LeanGate.Values2")
LeanGate: command "ML" running for 588.271s (line 8 of theory "LeanGate.Values2")
LeanGate: command "ML" running for 590.272s (line 8 of theory "LeanGate.Values2")
LeanGate: command "ML" running for 592.272s (line 8 of theory "LeanGate.Values2")
LeanGate: command "ML" running for 594.273s (line 8 of theory "LeanGate.Values2")
LeanGate: command "ML" running for 596.275s (line 8 of theory "LeanGate.Values2")
LeanGate: command "ML" running for 598.275s (line 8 of theory "LeanGate.Values2")
LeanGate: command "ML" running for 600.276s (line 8 of theory "LeanGate.Values2")
LeanGate: command "ML" running for 602.276s (line 8 of theory "LeanGate.Values2")
LeanGate: command "ML" running for 604.276s (line 8 of theory "LeanGate.Values2")
LeanGate: command "ML" running for 606.277s (line 8 of theory "LeanGate.Values2")
LeanGate: command "ML" running for 608.278s (line 8 of theory "LeanGate.Values2")
LeanGate: command "ML" running for 610.280s (line 8 of theory "LeanGate.Values2")
LeanGate: command "ML" running for 612.280s (line 8 of theory "LeanGate.Values2")
LeanGate: command "ML" running for 614.281s (line 8 of theory "LeanGate.Values2")
LeanGate: command "ML" running for 616.282s (line 8 of theory "LeanGate.Values2")
LeanGate: command "ML" running for 618.284s (line 8 of theory "LeanGate.Values2")
LeanGate: command "ML" running for 620.285s (line 8 of theory "LeanGate.Values2")
LeanGate: command "ML" running for 622.285s (line 8 of theory "LeanGate.Values2")
LeanGate: command "ML" running for 624.285s (line 8 of theory "LeanGate.Values2")
LeanGate: command "ML" running for 626.286s (line 8 of theory "LeanGate.Values2")
LeanGate: command "ML" running for 628.286s (line 8 of theory "LeanGate.Values2")
LeanGate: command "ML" running for 630.287s (line 8 of theory "LeanGate.Values2")
LeanGate: command "ML" running for 632.287s (line 8 of theory "LeanGate.Values2")
LeanGate: command "ML" running for 634.288s (line 8 of theory "LeanGate.Values2")
LeanGate: command "ML" running for 636.289s (line 8 of theory "LeanGate.Values2")
LeanGate: command "ML" running for 638.289s (line 8 of theory "LeanGate.Values2")
LeanGate: command "ML" running for 640.291s (line 8 of theory "LeanGate.Values2")
LeanGate: command "ML" running for 642.292s (line 8 of theory "LeanGate.Values2")
LeanGate: command "ML" running for 644.292s (line 8 of theory "LeanGate.Values2")
LeanGate: command "ML" running for 646.293s (line 8 of theory "LeanGate.Values2")
LeanGate: command "ML" running for 648.294s (line 8 of theory "LeanGate.Values2")
LeanGate: command "ML" running for 650.294s (line 8 of theory "LeanGate.Values2")
LeanGate: command "ML" running for 652.294s (line 8 of theory "LeanGate.Values2")
LeanGate: command "ML" running for 654.295s (line 8 of theory "LeanGate.Values2")
LeanGate: command "ML" running for 656.296s (line 8 of theory "LeanGate.Values2")
LeanGate: command "ML" running for 658.297s (line 8 of theory "LeanGate.Values2")
LeanGate: command "ML" running for 660.300s (line 8 of theory "LeanGate.Values2")
LeanGate: command "ML" running for 662.301s (line 8 of theory "LeanGate.Values2")
LeanGate: command "ML" running for 664.302s (line 8 of theory "LeanGate.Values2")
LeanGate: command "ML" running for 666.302s (line 8 of theory "LeanGate.Values2")
LeanGate: command "ML" running for 668.303s (line 8 of theory "LeanGate.Values2")
LeanGate: command "ML" running for 670.303s (line 8 of theory "LeanGate.Values2")
LeanGate: command "ML" running for 672.304s (line 8 of theory "LeanGate.Values2")
LeanGate: command "ML" running for 674.305s (line 8 of theory "LeanGate.Values2")
LeanGate: command "ML" running for 676.306s (line 8 of theory "LeanGate.Values2")
LeanGate: command "ML" running for 678.306s (line 8 of theory "LeanGate.Values2")
LeanGate: command "ML" running for 680.307s (line 8 of theory "LeanGate.Values2")
LeanGate: command "ML" running for 682.308s (line 8 of theory "LeanGate.Values2")
LeanGate: command "ML" running for 684.308s (line 8 of theory "LeanGate.Values2")
LeanGate: command "ML" running for 686.310s (line 8 of theory "LeanGate.Values2")
LeanGate: command "ML" running for 688.311s (line 8 of theory "LeanGate.Values2")
LeanGate: command "ML" running for 690.311s (line 8 of theory "LeanGate.Values2")
LeanGate: command "ML" running for 692.312s (line 8 of theory "LeanGate.Values2")
LeanGate: command "ML" running for 694.313s (line 8 of theory "LeanGate.Values2")
LeanGate: command "ML" running for 696.313s (line 8 of theory "LeanGate.Values2")
LeanGate: command "ML" running for 698.314s (line 8 of theory "LeanGate.Values2")
LeanGate: command "ML" running for 700.315s (line 8 of theory "LeanGate.Values2")
LeanGate: command "ML" running for 702.315s (line 8 of theory "LeanGate.Values2")
LeanGate: command "ML" running for 704.316s (line 8 of theory "LeanGate.Values2")
LeanGate: command "ML" running for 706.316s (line 8 of theory "LeanGate.Values2")
LeanGate: command "ML" running for 708.317s (line 8 of theory "LeanGate.Values2")
LeanGate: command "ML" running for 710.317s (line 8 of theory "LeanGate.Values2")
LeanGate: command "ML" running for 712.317s (line 8 of theory "LeanGate.Values2")
LeanGate: command "ML" running for 714.320s (line 8 of theory "LeanGate.Values2")
LeanGate: command "ML" running for 716.321s (line 8 of theory "LeanGate.Values2")
LeanGate: command "ML" running for 718.321s (line 8 of theory "LeanGate.Values2")
LeanGate: command "ML" running for 720.322s (line 8 of theory "LeanGate.Values2")
LeanGate: command "ML" running for 722.322s (line 8 of theory "LeanGate.Values2")
LeanGate: command "ML" running for 724.324s (line 8 of theory "LeanGate.Values2")
LeanGate: command "ML" running for 726.324s (line 8 of theory "LeanGate.Values2")
LeanGate: command "ML" running for 728.326s (line 8 of theory "LeanGate.Values2")
LeanGate: command "ML" running for 730.328s (line 8 of theory "LeanGate.Values2")
LeanGate: command "ML" running for 732.330s (line 8 of theory "LeanGate.Values2")
LeanGate: command "ML" running for 734.331s (line 8 of theory "LeanGate.Values2")
LeanGate: command "ML" running for 736.333s (line 8 of theory "LeanGate.Values2")
LeanGate: command "ML" running for 738.334s (line 8 of theory "LeanGate.Values2")
LeanGate: command "ML" running for 740.336s (line 8 of theory "LeanGate.Values2")
LeanGate: command "ML" running for 742.338s (line 8 of theory "LeanGate.Values2")
LeanGate: command "ML" running for 744.339s (line 8 of theory "LeanGate.Values2")
LeanGate: command "ML" running for 746.342s (line 8 of theory "LeanGate.Values2")
LeanGate: command "ML" running for 748.342s (line 8 of theory "LeanGate.Values2")
LeanGate: command "ML" running for 750.343s (line 8 of theory "LeanGate.Values2")
LeanGate: command "ML" running for 752.347s (line 8 of theory "LeanGate.Values2")
LeanGate: command "ML" running for 754.347s (line 8 of theory "LeanGate.Values2")
LeanGate: command "ML" running for 756.348s (line 8 of theory "LeanGate.Values2")
LeanGate: command "ML" running for 758.349s (line 8 of theory "LeanGate.Values2")
LeanGate: command "ML" running for 760.350s (line 8 of theory "LeanGate.Values2")
LeanGate: command "ML" running for 762.351s (line 8 of theory "LeanGate.Values2")
LeanGate: command "ML" running for 764.352s (line 8 of theory "LeanGate.Values2")
LeanGate: command "ML" running for 766.353s (line 8 of theory "LeanGate.Values2")
LeanGate: command "ML" running for 768.354s (line 8 of theory "LeanGate.Values2")
LeanGate: command "ML" running for 770.354s (line 8 of theory "LeanGate.Values2")
LeanGate: command "ML" running for 772.355s (line 8 of theory "LeanGate.Values2")
LeanGate: command "ML" running for 774.357s (line 8 of theory "LeanGate.Values2")
LeanGate: command "ML" running for 776.358s (line 8 of theory "LeanGate.Values2")
LeanGate: command "ML" running for 778.359s (line 8 of theory "LeanGate.Values2")
LeanGate: command "ML" running for 780.360s (line 8 of theory "LeanGate.Values2")
LeanGate: command "ML" running for 782.361s (line 8 of theory "LeanGate.Values2")
LeanGate: command "ML" running for 784.369s (line 8 of theory "LeanGate.Values2")
LeanGate: command "ML" running for 786.370s (line 8 of theory "LeanGate.Values2")
LeanGate: command "ML" running for 788.370s (line 8 of theory "LeanGate.Values2")
LeanGate: command "ML" running for 790.371s (line 8 of theory "LeanGate.Values2")
LeanGate: command "ML" running for 792.372s (line 8 of theory "LeanGate.Values2")
LeanGate: command "ML" running for 794.372s (line 8 of theory "LeanGate.Values2")
LeanGate: command "ML" running for 796.374s (line 8 of theory "LeanGate.Values2")
LeanGate: command "ML" running for 798.375s (line 8 of theory "LeanGate.Values2")
LeanGate: command "ML" running for 800.376s (line 8 of theory "LeanGate.Values2")
LeanGate: command "ML" running for 802.377s (line 8 of theory "LeanGate.Values2")
LeanGate: command "ML" running for 804.378s (line 8 of theory "LeanGate.Values2")
LeanGate: command "ML" running for 806.379s (line 8 of theory "LeanGate.Values2")
LeanGate: command "ML" running for 808.380s (line 8 of theory "LeanGate.Values2")
LeanGate: command "ML" running for 810.381s (line 8 of theory "LeanGate.Values2")
LeanGate: command "ML" running for 812.382s (line 8 of theory "LeanGate.Values2")
LeanGate: command "ML" running for 814.383s (line 8 of theory "LeanGate.Values2")
LeanGate: command "ML" running for 816.384s (line 8 of theory "LeanGate.Values2")
LeanGate: command "ML" running for 818.385s (line 8 of theory "LeanGate.Values2")
LeanGate: command "ML" running for 820.386s (line 8 of theory "LeanGate.Values2")
LeanGate: command "ML" running for 822.386s (line 8 of theory "LeanGate.Values2")
LeanGate: command "ML" running for 824.387s (line 8 of theory "LeanGate.Values2")
LeanGate: command "ML" running for 826.388s (line 8 of theory "LeanGate.Values2")
LeanGate: command "ML" running for 828.389s (line 8 of theory "LeanGate.Values2")
LeanGate: command "ML" running for 830.389s (line 8 of theory "LeanGate.Values2")
LeanGate: command "ML" running for 832.391s (line 8 of theory "LeanGate.Values2")
LeanGate: command "ML" running for 834.392s (line 8 of theory "LeanGate.Values2")
LeanGate: command "ML" running for 836.393s (line 8 of theory "LeanGate.Values2")
LeanGate: command "ML" running for 838.394s (line 8 of theory "LeanGate.Values2")
LeanGate: command "ML" running for 840.395s (line 8 of theory "LeanGate.Values2")
LeanGate: command "ML" running for 842.396s (line 8 of theory "LeanGate.Values2")
LeanGate: command "ML" running for 844.397s (line 8 of theory "LeanGate.Values2")
LeanGate: command "ML" running for 846.398s (line 8 of theory "LeanGate.Values2")
LeanGate: command "ML" running for 848.399s (line 8 of theory "LeanGate.Values2")
LeanGate: command "ML" running for 850.400s (line 8 of theory "LeanGate.Values2")
LeanGate: command "ML" running for 852.401s (line 8 of theory "LeanGate.Values2")
LeanGate: command "ML" running for 854.403s (line 8 of theory "LeanGate.Values2")
LeanGate: command "ML" running for 856.403s (line 8 of theory "LeanGate.Values2")
LeanGate: command "ML" running for 858.404s (line 8 of theory "LeanGate.Values2")
LeanGate: command "ML" running for 860.405s (line 8 of theory "LeanGate.Values2")
LeanGate: command "ML" running for 862.406s (line 8 of theory "LeanGate.Values2")
LeanGate: command "ML" running for 864.407s (line 8 of theory "LeanGate.Values2")
LeanGate: command "ML" running for 866.408s (line 8 of theory "LeanGate.Values2")
LeanGate: command "ML" running for 868.409s (line 8 of theory "LeanGate.Values2")
LeanGate: command "ML" running for 870.410s (line 8 of theory "LeanGate.Values2")
LeanGate: command "ML" running for 872.411s (line 8 of theory "LeanGate.Values2")
LeanGate: command "ML" running for 874.412s (line 8 of theory "LeanGate.Values2")
LeanGate: command "ML" running for 876.413s (line 8 of theory "LeanGate.Values2")
LeanGate: command "ML" running for 878.414s (line 8 of theory "LeanGate.Values2")
LeanGate: command "ML" running for 880.414s (line 8 of theory "LeanGate.Values2")
LeanGate: command "ML" running for 882.414s (line 8 of theory "LeanGate.Values2")
LeanGate: command "ML" running for 884.415s (line 8 of theory "LeanGate.Values2")
LeanGate: command "ML" running for 886.416s (line 8 of theory "LeanGate.Values2")
LeanGate: command "ML" running for 888.416s (line 8 of theory "LeanGate.Values2")
LeanGate: command "ML" running for 890.417s (line 8 of theory "LeanGate.Values2")
LeanGate: command "ML" running for 892.418s (line 8 of theory "LeanGate.Values2")
LeanGate: command "ML" running for 894.420s (line 8 of theory "LeanGate.Values2")
LeanGate: command "ML" running for 896.423s (line 8 of theory "LeanGate.Values2")
LeanGate: command "ML" running for 898.423s (line 8 of theory "LeanGate.Values2")
LeanGate: command "ML" running for 900.424s (line 8 of theory "LeanGate.Values2")
LeanGate: command "ML" running for 902.425s (line 8 of theory "LeanGate.Values2")
LeanGate: command "ML" running for 904.425s (line 8 of theory "LeanGate.Values2")
LeanGate: command "ML" running for 906.427s (line 8 of theory "LeanGate.Values2")
LeanGate: command "ML" running for 908.428s (line 8 of theory "LeanGate.Values2")
LeanGate: command "ML" running for 910.429s (line 8 of theory "LeanGate.Values2")
LeanGate: command "ML" running for 912.430s (line 8 of theory "LeanGate.Values2")
LeanGate: command "ML" running for 914.431s (line 8 of theory "LeanGate.Values2")
LeanGate: command "ML" running for 916.432s (line 8 of theory "LeanGate.Values2")
LeanGate: command "ML" running for 918.432s (line 8 of theory "LeanGate.Values2")
LeanGate: command "ML" running for 920.433s (line 8 of theory "LeanGate.Values2")
LeanGate: command "ML" running for 922.434s (line 8 of theory "LeanGate.Values2")
LeanGate: command "ML" running for 924.435s (line 8 of theory "LeanGate.Values2")
LeanGate: command "ML" running for 926.436s (line 8 of theory "LeanGate.Values2")
LeanGate: command "ML" running for 928.437s (line 8 of theory "LeanGate.Values2")
LeanGate: command "ML" running for 930.438s (line 8 of theory "LeanGate.Values2")
LeanGate: command "ML" running for 932.439s (line 8 of theory "LeanGate.Values2")
LeanGate: command "ML" running for 934.439s (line 8 of theory "LeanGate.Values2")
LeanGate: command "ML" running for 936.440s (line 8 of theory "LeanGate.Values2")
LeanGate: command "ML" running for 938.441s (line 8 of theory "LeanGate.Values2")
LeanGate: command "ML" running for 940.442s (line 8 of theory "LeanGate.Values2")
LeanGate: command "ML" running for 942.443s (line 8 of theory "LeanGate.Values2")
LeanGate: command "ML" running for 944.443s (line 8 of theory "LeanGate.Values2")
LeanGate: command "ML" running for 946.445s (line 8 of theory "LeanGate.Values2")
LeanGate: command "ML" running for 948.446s (line 8 of theory "LeanGate.Values2")
LeanGate: command "ML" running for 950.447s (line 8 of theory "LeanGate.Values2")
LeanGate: command "ML" running for 952.448s (line 8 of theory "LeanGate.Values2")
LeanGate: command "ML" running for 954.449s (line 8 of theory "LeanGate.Values2")
LeanGate: command "ML" running for 956.449s (line 8 of theory "LeanGate.Values2")
LeanGate: command "ML" running for 958.450s (line 8 of theory "LeanGate.Values2")
LeanGate: command "ML" running for 960.451s (line 8 of theory "LeanGate.Values2")
LeanGate: command "ML" running for 962.452s (line 8 of theory "LeanGate.Values2")
LeanGate: command "ML" running for 964.453s (line 8 of theory "LeanGate.Values2")
LeanGate: command "ML" running for 966.456s (line 8 of theory "LeanGate.Values2")
LeanGate: command "ML" running for 968.459s (line 8 of theory "LeanGate.Values2")
LeanGate: command "ML" running for 968.496s (line 8 of theory "LeanGate.Values2")
Run out of store - interrupting threads
Run out of store - interrupting threads
Run out of store - interrupting threads
Failed to recover - exiting
LeanGate FAILED (see also "isabelle build_log -H Error LeanGate")

Unfinished session(s): LeanGate

Finished at Thu Oct 8 08:20:43 GMT 2026
0:16:18 elapsed time, 5:20:22 cpu time, factor 19.64
isabelle exit 1
