1|[4, 3, 0, 3]
2|[3, 12, 1]
3|[1]
4|[3, 5, 31]
5|[3, 63, 5]
6|[2, 31]
7|(Pair 1 [8])
8|(Pair 8 [])
9|(Pair 5 [])
10|(Pair 9 [])
11|(Pair 8 [])
12|(Pair 2 [63])
13|(GenInvocationLabel InvalidInvocation)
14|(GenInvocationLabel InvalidInvocation)
15|(GenInvocationLabel InvalidInvocation)
16|(GenInvocationLabel InvalidInvocation)
17|(GenInvocationLabel InvalidInvocation)
18|(GenInvocationLabel InvalidInvocation)
19|InvalidInvocation
20|InvalidInvocation
21|InvalidInvocation
22|InvalidInvocation
23|InvalidInvocation
24|InvalidInvocation
25|30
26|30
27|12
28|12
29|12
30|12
31|(APIObjectType TCBObject)
32|(APIObjectType TCBObject)
33|(APIObjectType NotificationObject)
34|(APIObjectType CapTableObject)
35|(APIObjectType NotificationObject)
36|(APIObjectType CapTableObject)
37|(Some CapTableObject)
38|(Some EndpointObject)
39|(Some NotificationObject)
40|(Some Untyped)
41|(Some CapTableObject)
42|None
43|True
44|True
45|True
46|True
47|True
48|False
49|(CapRights False True True True)
50|(CapRights True True False True)
51|(CapRights False False False False)
52|(CapRights False False True False)
53|(CapRights False False False False)
54|(CapRights True True False False)
55|(CapRights False False False False)
56|(CapRights True False True True)
57|(CapRights False False False False)
58|(CapRights False True False False)
59|(CapRights False False False False)
60|(CapRights True True True False)
61|15
62|15
63|11
64|12
65|6
66|2
67|(MI 120 3 7 4503599627370495)
68|(MI 111 1 4 2089323701352023)
69|(MI 41 2 1 3850576436751215)
70|(MI 2 0 0 0)
71|(MI 120 3 7 4503599627370495)
72|(MI 2 0 0 0)
73|1061158583380025217
74|18446744073709551566
75|7681
76|9223372036854779392
77|4226431011039803008
78|18446744073709551615
79|(Pair 18446743798831644672 18446743798831644674)
80|(Pair 9223371761976868864 18446743798831644672)
81|(Pair 18446743798831644671 18446743798831644672)
82|(Pair 18446743798831644673 18446743798831644671)
83|(Pair 18446743798831644671 18446743798831644673)
84|(Pair 18446743798831644672 8860385012476389281)
85|(APIObjectType EndpointObject)
86|(APIObjectType TCBObject)
87|(APIObjectType Untyped)
88|(APIObjectType EndpointObject)
89|(APIObjectType Untyped)
90|(APIObjectType TCBObject)
91|None
92|None
93|None
94|None
95|None
96|None
97|8
98|4
99|68
100|10
101|13
102|5
103|12
104|12
105|30
106|21
107|4
108|21
109|True
110|True
111|True
112|True
113|True
114|True
115|0
116|0
117|0
118|0
119|0
120|1
121|3
122|0
123|0
124|0
125|0
126|2
127|0
128|64
129|0
130|192
131|0
132|0
133|False
134|False
135|False
136|False
137|False
138|False
139|579
140|120
141|21
142|120
143|57
144|84
145|0
146|0
147|0
148|0
149|511
150|0
151|0
152|4096
153|7953063811814215960
154|6966882839995559656
155|3200
156|18446743798831648768
157|False
158|False
159|False
160|False
161|False
162|False
163|VMKernelOnly
164|VMKernelOnly
165|VMReadOnly
166|VMKernelOnly
167|VMKernelOnly
168|VMReadOnly
169|True
170|True
171|False
172|False
173|True
174|False
175|12
176|7
177|13
178|12
179|15
180|7
181|5570928653271953894
182|2
183|18446744073709551615
184|9223372036854775808
185|7
186|1
187|21
188|30
189|30
190|21
191|30
192|21
193|1
194|1
195|2
196|1
197|3
198|3
199|False
200|True
201|False
202|False
203|False
204|False
205|True
206|True
207|True
208|False
209|False
210|True
211|VMKernelOnly
212|VMKernelOnly
213|VMKernelOnly
214|VMKernelOnly
215|VMReadWrite
216|VMKernelOnly
217|VMKernelOnly
218|VMKernelOnly
219|VMKernelOnly
220|VMKernelOnly
221|VMReadWrite
222|VMReadOnly
223|False
224|False
225|False
226|False
227|False
228|False
229|False
230|True
231|False
232|False
233|False
234|False
235|False
236|False
237|False
238|False
239|False
240|False
241|False
242|False
243|False
244|True
245|False
246|False
247|True
248|True
249|True
250|True
251|False
252|True
253|False
254|True
255|False
256|False
257|False
258|False
259|False
260|False
261|False
262|False
263|False
264|False
265|False
266|False
267|False
268|False
269|False
270|False
271|5803039517496103198
272|0
273|0
274|4096
275|4096
276|18446743798831648768
277|256
278|256
279|4096
280|16
281|0
282|1
283|True
284|True
285|True
286|False
287|True
288|True
289|False
290|False
291|False
292|False
293|False
294|False
295|False
296|False
297|False
298|False
299|False
300|False
301|DomainCap
302|DomainCap
303|(ThreadCap 18446743798831648768)
304|NullCap
305|NullCap
306|DomainCap
307|(ReplyCap 18446743798831648768 True True)
308|(ReplyCap 0 True True)
309|(UntypedCap False 4096 1 1)
310|(IRQHandlerCap 0)
311|(IRQHandlerCap 32)
312|NullCap
313|False
314|False
315|False
316|False
317|False
318|False
319|True
320|True
321|True
322|True
323|True
324|True
325|(ArchObjectCap (ASIDPoolCap 4096 2))
326|(ArchObjectCap ASIDControlCap)
327|(ArchObjectCap (FrameCap 18446743798831648768 VMReadOnly RISCVLargePage False (Some (Pair 7 123104230957995116))))
328|(ArchObjectCap (ASIDPoolCap 4096 7))
329|(ArchObjectCap (FrameCap 0 VMReadOnly RISCVLargePage False (Some (Pair 18257689844677338005 8677653900933427632))))
330|(ArchObjectCap (FrameCap 4096 VMReadWrite RISCVLargePage True (Some (Pair 1816007316825705762 9223372036854775808))))
331|(ArchObjectCap (ASIDPoolCap 4096 17699195562550048739))
332|(ArchObjectCap ASIDControlCap)
333|(ArchObjectCap (ASIDPoolCap 4096 7))
334|(ArchObjectCap (ASIDPoolCap 14758656996101253483 7516976170253644239))
335|(ArchObjectCap (PageTableCap 1628989229268115083 (Some (Pair 0 17411610828482434308))))
336|(ArchObjectCap (FrameCap 15995141418096361895 VMKernelOnly RISCVHugePage False None))
337|False
338|False
339|False
340|False
341|False
342|False
343|False
344|False
345|True
346|False
347|False
348|False
349|False
350|True
351|True
352|True
353|True
354|True
355|False
356|False
357|False
358|False
359|True
360|False
361|18446743798831648768
362|0
363|0
364|0
365|0
366|0
367|2097152
368|4096
369|1073741824
370|4096
371|2097152
372|4096
373|4
374|4
375|12
376|12
377|4
378|5
379|255
380|1
381|255
382|2
383|180
384|180
385|7
386|18446744073709551615
387|18446744073709551615
388|0
389|18446744073709551615
390|9223372036854775808
391|False
392|False
393|False
394|False
395|False
396|False
397|False
398|False
399|True
400|True
401|False
402|False
403|False
404|False
405|False
406|False
407|False
408|False
409|2147483648
410|1
411|4
412|256
413|9223372036854775808
414|1
415|4101
416|31
417|4547988534524147197
418|63
419|4108
420|18446743798831648776
421|18446743798831644672
422|0
423|18446743798831648768
424|274877902848
425|18446743798831648768
426|14639622603337323037
427|None
428|None
429|None
430|None
431|None
432|None
433|1
434|1
435|1
436|1
437|1
438|1
439|False
440|True
441|False
442|False
443|True
444|False
445|0
446|97
447|0
448|0
449|0
450|0
451|0
452|0
453|0
454|0
455|0
456|0
457|12235847816921227804
458|2
459|0
460|9223372036854775808
461|1
462|10288444642535322734
463|0
464|18446744073709551615
465|10699264320094585688
466|18446744073709551615
467|0
468|9223372036854775808
469|8
470|0
471|4
472|8
473|0
474|9223372036854775808
