hs2lean module: 9/9 functions translated (0 partial), 0 external stubs, 1 unresolved
  unresolved error: no signature found
hs2lean module: 3/3 functions translated (0 partial), 0 external stubs, 5 unresolved
  unresolved listArray: no signature found
  unresolved map: no signature found
  unresolved maxBound: no signature found
  unresolved minBound: no signature found
  unresolved range: no signature found
hs2lean module: 5/5 functions translated (0 partial), 0 external stubs, 9 unresolved
  unresolved div: no signature found
  unresolved error: no signature found
  unresolved finiteBitSize: no signature found
  unresolved length: no signature found
  unresolved map: no signature found
  unresolved not: no signature found
  unresolved takeWhile: no signature found
  unresolved testBit: no signature found
  unresolved undefined: no signature found
hs2lean module: 0/0 functions translated (0 partial), 0 external stubs, 0 unresolved
hs2lean module: 2/2 functions translated (0 partial), 0 external stubs, 2 unresolved
  unresolved fromEnum: no signature found
  unresolved fromIntegral: no signature found
hs2lean module: 0/0 functions translated (0 partial), 0 external stubs, 0 unresolved
hs2lean module: 2/2 functions translated (0 partial), 11 external stubs, 4 unresolved
  unresolved fromEnum: no signature found
  unresolved fromIntegral: no signature found
  unresolved mapM: no signature found
  unresolved zipWithM_: no signature found
hs2lean module: 2/2 functions translated (0 partial), 2 external stubs, 0 unresolved
hs2lean module: 0/0 functions translated (0 partial), 0 external stubs, 0 unresolved
hs2lean module: 0/0 functions translated (0 partial), 0 external stubs, 0 unresolved
hs2lean module: 2/2 functions translated (0 partial), 0 external stubs, 5 unresolved
  unresolved fromEnum: no signature found
  unresolved fromIntegral: no signature found
  unresolved maxBound: no signature found
  unresolved otherwise: no signature found
  unresolved toEnum: no signature found
hs2lean module: 0/0 functions translated (0 partial), 0 external stubs, 0 unresolved
hs2lean module: 7/7 functions translated (0 partial), 37 external stubs, 2 unresolved
  unresolved fromIntegral: no signature found
  unresolved liftM: no signature found
hs2lean module: 21/21 functions translated (0 partial), 4 external stubs, 7 unresolved
  unresolved RISCV64.fromAPIType: no RISCV64 signature
  unresolved RISCV64.pageType: no RISCV64 signature
  unresolved RISCV64.toAPIType: no RISCV64 signature
  unresolved bit: no signature found
  unresolved shiftL: no signature found
  unresolved shiftR: no signature found
  unresolved testBit: no signature found
hs2lean module: 6/7 functions translated (0 partial), 5 external stubs, 1 unresolved
  failed toAPIType: function without a signature: function at line 56: 'toAPIType (APIObjectType a) = Just a'
  unresolved toAPIType: local, not translated, no signature: function without a signature: function at line 56: 'toAPITyp
hs2lean module: 3/3 functions translated (0 partial), 1 external stubs, 0 unresolved
hs2lean module: 8/8 functions translated (0 partial), 0 external stubs, 1 unresolved
  unresolved error: no signature found
hs2lean module: 0/0 functions translated (0 partial), 0 external stubs, 0 unresolved
hs2lean module: 22/23 functions translated (0 partial), 7 external stubs, 13 unresolved
  failed isAligned: function without a signature: function at line 193: 'isAligned x n = x .&. mask n == 0'
  unresolved bit: no signature found
  unresolved flip: no signature found
  unresolved fromIntegral: no signature found
  unresolved gets: no signature found
  unresolved head: no signature found
  unresolved isAligned: local, not translated, no signature: function without a signature: function at line 193: 'isAlign
  unresolved last: no signature found
  unresolved lift: no signature found
  unresolved mapM_: no signature found
  unresolved modify: no signature found
  unresolved runStateT: no signature found
  unresolved shiftL: no signature found
  unresolved shiftR: no signature found
hs2lean module: 8/8 functions translated (0 partial), 8 external stubs, 4 unresolved
  unresolved finiteBitSize: no signature found
  unresolved fst: no signature found
  unresolved liftM: no signature found
  unresolved shiftR: no signature found
hs2lean module: 2/3 functions translated (0 partial), 13 external stubs, 1 unresolved
  failed sendFaultIPC: guards that fall through to the next equation: alternative at line 56: 'EndpointCap { capEPCanSend = True, capEPCanGrant
  unresolved show: no signature found
hs2lean module: 1/1 functions translated (0 partial), 1 external stubs, 0 unresolved
hs2lean module: 1/1 functions translated (0 partial), 0 external stubs, 0 unresolved
hs2lean module: 21/22 functions translated (0 partial), 44 external stubs, 32 unresolved
  failed createUntypedObject: arithmetic sequence form: arithmetic_sequence at line 289: '[regStartPAddr bootMemReuseReg, (regStartPAddr bootMemReuseR
  unresolved bit: no signature found
  unresolved break: no signature found
  unresolved concat: no signature found
  unresolved either: no signature found
  unresolved finiteBitSize: no signature found
  unresolved flip: no signature found
  unresolved foldM: no signature found
  unresolved fromIntegral: no signature found
  unresolved fst: no signature found
  unresolved gets: no signature found
  unresolved head: no signature found
  unresolved initTCB: no signature found
  unresolved isAligned: no signature found
  unresolved length: no signature found
  unresolved lift: no signature found
  unresolved liftM: no signature found
  unresolved map: no signature found
  unresolved mapM: no signature found
  unresolved mapM_: no signature found
  unresolved modify: no signature found
  unresolved not: no signature found
  unresolved notElem: no signature found
  unresolved otherwise: no signature found
  unresolved replicate: no signature found
  unresolved runStateT: no signature found
  unresolved shiftL: no signature found
  unresolved shiftR: no signature found
  unresolved show: no signature found
  unresolved snd: no signature found
  unresolved tail: no signature found
  unresolved take: no signature found
  unresolved undefined: no signature found
hs2lean module: 52/53 functions translated (0 partial), 66 external stubs, 20 unresolved
  failed transferCapsToSlots: guards that fall through to the next equation: alternative at line 279: '(EndpointCap { capEPPtr = p1 }, Just p2, _) | p
  unresolved bit: no signature found
  unresolved complement: no signature found
  unresolved const: no signature found
  unresolved finiteBitSize: no signature found
  unresolved fromIntegral: no signature found
  unresolved fromJust: no signature found
  unresolved gets: no signature found
  unresolved length: no signature found
  unresolved liftM: no signature found
  unresolved map: no signature found
  unresolved maxBound: no signature found
  unresolved modify: no signature found
  unresolved not: no signature found
  unresolved reverse: no signature found
  unresolved shiftL: no signature found
  unresolved shiftR: no signature found
  unresolved show: no signature found
  unresolved takeWhile: no signature found
  unresolved testBit: no signature found
  unresolved undefined: no signature found
hs2lean module: 5/5 functions translated (0 partial), 2 external stubs, 1 unresolved
  unresolved error: no signature found
hs2lean module: 16/16 functions translated (0 partial), 21 external stubs, 0 unresolved
hs2lean module: 51/53 functions translated (0 partial), 49 external stubs, 22 unresolved
  failed decodeRISCVASIDControlInvocation: guards that fall through to the next equation: alternative at line 447: 'UntypedCap { capIsDevice = False } | capBlockSi
  failed performPageTableInvocation: arithmetic sequence form: arithmetic_sequence at line 520: '[ptr, ptr + bit pteBits .. ptr + bit ptBits - 1]'
  unresolved assocs: no signature found
  unresolved bit: no signature found
  unresolved complement: no signature found
  unresolved const: no signature found
  unresolved error: no signature found
  unresolved filter: no signature found
  unresolved flip: no signature found
  unresolved fromIntegral: no signature found
  unresolved fst: no signature found
  unresolved gets: no signature found
  unresolved head: no signature found
  unresolved isJust: no signature found
  unresolved isNothing: no signature found
  unresolved liftM: no signature found
  unresolved mapM_: no signature found
  unresolved modify: no signature found
  unresolved not: no signature found
  unresolved null: no signature found
  unresolved shiftL: no signature found
  unresolved shiftR: no signature found
  unresolved snd: no signature found
  unresolved testBit: no signature found
hs2lean module: 0/0 functions translated (0 partial), 0 external stubs, 0 unresolved
hs2lean module: 29/29 functions translated (0 partial), 25 external stubs, 6 unresolved
  unresolved RISCV64.getRestartPC: no RISCV64 signature
  unresolved RISCV64.setNextPC: no RISCV64 signature
  unresolved error: no signature found
  unresolved liftM: no signature found
  unresolved maxBound: no signature found
  unresolved minBound: no signature found
hs2lean module: 50/50 functions translated (0 partial), 6 external stubs, 4 unresolved
  unresolved error: no signature found
  unresolved liftIO: no signature found
  unresolved putStrLn: no signature found
  unresolved testBit: no signature found
hs2lean module: 13/13 functions translated (0 partial), 0 external stubs, 1 unresolved
  unresolved error: no signature found
hs2lean module: 13/13 functions translated (0 partial), 0 external stubs, 1 unresolved
  unresolved error: no signature found
hs2lean module: 15/15 functions translated (0 partial), 12 external stubs, 4 unresolved
  unresolved RISCV64.getRegister: no RISCV64 signature
  unresolved RISCV64.setRegister: no RISCV64 signature
  unresolved bit: no signature found
  unresolved map: no signature found
hs2lean module: 14/16 functions translated (0 partial), 1 external stubs, 5 unresolved
  failed getRegister: function without a signature: function at line 87: 'getRegister r = gets $ (! r) . fromUC'
  failed setRegister: function without a signature: function at line 89: 'setRegister r v = modify $ UC . (//[(r, v)]) . fromUC'
  unresolved const: no signature found
  unresolved getRegister: local, not translated, no signature: function without a signature: function at line 87: 'getRegis
  unresolved gets: no signature found
  unresolved modify: no signature found
  unresolved setRegister: local, not translated, no signature: function without a signature: function at line 89: 'setRegis
hs2lean module: 0/0 functions translated (0 partial), 0 external stubs, 0 unresolved
hs2lean module: 0/0 functions translated (0 partial), 0 external stubs, 0 unresolved
hs2lean module: 12/12 functions translated (0 partial), 0 external stubs, 5 unresolved
  unresolved const: no signature found
  unresolved either: no signature found
  unresolved flip: no signature found
  unresolved fromIntegral: no signature found
  unresolved lift: no signature found
hs2lean module: 19/19 functions translated (0 partial), 11 external stubs, 17 unresolved
  unresolved findMax: no signature found
  unresolved findMin: no signature found
  unresolved flip: no signature found
  unresolved foldl': no signature found
  unresolved foldr: no signature found
  unresolved fst: no signature found
  unresolved gets: no signature found
  unresolved keys: no signature found
  unresolved maybe: no signature found
  unresolved modify: no signature found
  unresolved not: no signature found
  unresolved null: no signature found
  unresolved otherwise: no signature found
  unresolved shiftL: no signature found
  unresolved show: no signature found
  unresolved split: no signature found
  unresolved splitLookup: no signature found
hs2lean module: 1/1 functions translated (0 partial), 0 external stubs, 0 unresolved
hs2lean module: 3/3 functions translated (0 partial), 5 external stubs, 1 unresolved
  unresolved lift: no signature found
hs2lean module: 27/27 functions translated (0 partial), 11 external stubs, 8 unresolved
  unresolved const: no signature found
  unresolved error: no signature found
  unresolved fromIntegral: no signature found
  unresolved get: no signature found
  unresolved gets: no signature found
  unresolved length: no signature found
  unresolved lift: no signature found
  unresolved modify: no signature found
hs2lean module: 3/3 functions translated (0 partial), 0 external stubs, 2 unresolved
  unresolved error: no signature found
  unresolved head: no signature found
hs2lean module: 1/1 functions translated (0 partial), 1 external stubs, 0 unresolved
hs2lean module: 0/0 functions translated (0 partial), 0 external stubs, 0 unresolved
hs2lean module: 42/43 functions translated (0 partial), 42 external stubs, 13 unresolved
  failed isMDBParentOf: guards that fall through to the next equation: alternative at line 657: 'EndpointCap { capEPBadge = badge } | badge /= 0
  unresolved const: no signature found
  unresolved elem: no signature found
  unresolved error: no signature found
  unresolved flip: no signature found
  unresolved fromIntegral: no signature found
  unresolved length: no signature found
  unresolved liftM: no signature found
  unresolved modify: no signature found
  unresolved not: no signature found
  unresolved otherwise: no signature found
  unresolved shiftL: no signature found
  unresolved undefined: no signature found
  unresolved zipWithM_: no signature found
hs2lean module: 9/9 functions translated (0 partial), 12 external stubs, 7 unresolved
  unresolved fromIntegral: no signature found
  unresolved fst: no signature found
  unresolved gets: no signature found
  unresolved head: no signature found
  unresolved length: no signature found
  unresolved modify: no signature found
  unresolved null: no signature found
hs2lean module: 1/1 functions translated (0 partial), 0 external stubs, 0 unresolved
hs2lean module: 8/9 functions translated (0 partial), 30 external stubs, 7 unresolved
  failed sendIPC: guards that fall through to the next equation: alternative at line 52: 'IdleEP | blocking -> do\n                setThre
  unresolved filterM: no signature found
  unresolved flip: no signature found
  unresolved fromJust: no signature found
  unresolved isJust: no signature found
  unresolved liftM: no signature found
  unresolved maybe: no signature found
  unresolved not: no signature found
hs2lean module: 0/0 functions translated (0 partial), 0 external stubs, 0 unresolved
hs2lean module: 0/0 functions translated (0 partial), 0 external stubs, 0 unresolved
hs2lean module: 14/14 functions translated (0 partial), 43 external stubs, 12 unresolved
  unresolved bit: no signature found
  unresolved const: no signature found
  unresolved fromEnum: no signature found
  unresolved fromIntegral: no signature found
  unresolved length: no signature found
  unresolved liftM: no signature found
  unresolved mapM_: no signature found
  unresolved maxBound: no signature found
  unresolved minBound: no signature found
  unresolved shiftL: no signature found
  unresolved show: no signature found
  unresolved toEnum: no signature found
hs2lean module: 7/9 functions translated (0 partial), 15 external stubs, 4 unresolved
  failed decodeIRQControlInvocation: pattern: qualified at line 33: 'ArchLabels.RISCVIRQIssueIRQHandler'
  failed performIRQControl: pattern: apply at line 49: 'ArchInv.IssueIRQHandler (IRQ irq) destSlot srcSlot trigger'
  unresolved error: no signature found
  unresolved fromEnum: no signature found
  unresolved fromIntegral: no signature found
  unresolved toEnum: no signature found
hs2lean module: 13/13 functions translated (0 partial), 14 external stubs, 0 unresolved
hs2lean module: 16/16 functions translated (0 partial), 53 external stubs, 13 unresolved
  unresolved bit: no signature found
  unresolved error: no signature found
  unresolved finiteBitSize: no signature found
  unresolved fromIntegral: no signature found
  unresolved fst: no signature found
  unresolved liftM: no signature found
  unresolved map: no signature found
  unresolved modify: no signature found
  unresolved not: no signature found
  unresolved otherwise: no signature found
  unresolved shiftL: no signature found
  unresolved shiftR: no signature found
  unresolved undefined: no signature found
hs2lean module: 20/21 functions translated (0 partial), 16 external stubs, 3 unresolved
  failed createObject: pattern: apply at line 158: 'Arch.Types.APIObjectType _'
  unresolved bit: no signature found
  unresolved error: no signature found
  unresolved modify: no signature found
hs2lean module: 34/34 functions translated (0 partial), 12 external stubs, 5 unresolved
  unresolved bit: no signature found
  unresolved div: no signature found
  unresolved fromIntegral: no signature found
  unresolved fst: no signature found
  unresolved snd: no signature found
hs2lean module: 13/13 functions translated (0 partial), 4 external stubs, 3 unresolved
  unresolved fromIntegral: no signature found
  unresolved shiftL: no signature found
  unresolved shiftR: no signature found
hs2lean module: 42/43 functions translated (0 partial), 71 external stubs, 23 unresolved
  failed getExtraCPtrs: arithmetic sequence form: arithmetic_sequence at line 675: '[1, 2 .. count]'
  unresolved complement: no signature found
  unresolved drop: no signature found
  unresolved forM: no signature found
  unresolved fromIntegral: no signature found
  unresolved fst: no signature found
  unresolved genericLength: no signature found
  unresolved genericTake: no signature found
  unresolved head: no signature found
  unresolved length: no signature found
  unresolved liftM: no signature found
  unresolved map: no signature found
  unresolved mapM: no signature found
  unresolved mapM_: no signature found
  unresolved maybe: no signature found
  unresolved min: no signature found
  unresolved not: no signature found
  unresolved null: no signature found
  unresolved runState: no signature found
  unresolved shiftR: no signature found
  unresolved take: no signature found
  unresolved testBit: no signature found
  unresolved zipWithM: no signature found
  unresolved zipWithM_: no signature found
hs2lean module: 6/6 functions translated (0 partial), 0 external stubs, 0 unresolved
hs2lean module: 6/7 functions translated (0 partial), 28 external stubs, 13 unresolved
  failed resetUntypedCap: arithmetic sequence form: arithmetic_sequence at line 190: '[capPtr cap, capPtr cap + (1 `shiftL` resetChunkBits) ..\n  
  unresolved bit: no signature found
  unresolved complement: no signature found
  unresolved fromEnum: no signature found
  unresolved fromIntegral: no signature found
  unresolved length: no signature found
  unresolved mapM: no signature found
  unresolved mapM_: no signature found
  unresolved maxBound: no signature found
  unresolved not: no signature found
  unresolved reverse: no signature found
  unresolved shiftL: no signature found
  unresolved shiftR: no signature found
  unresolved toEnum: no signature found
