[1m[91m[ Error ][0m[0m []8;;https://errors.haskell.org/messages/GHCup-00130\GHCup-00130]8;;\] The version '9.2.8' of the tool ghc is not installed.
[1m[92m[ Info  ][0m[0m downloading: https://raw.githubusercontent.com/haskell/ghcup-metadata/master/ghcup-0.1.0.yaml as file /root/.ghcup/cache/ghcup-0.1.0.yaml
  % Total    % Received % Xferd  Average Speed   Time    Time     Time  Current
                                 Dload  Upload   Total   Spent    Left  Speed
  0     0    0     0    0     0      0      0 --:--:-- --:--:-- --:--:--     0100  653k  100  653k    0     0  11.0M      0 --:--:-- --:--:-- --:--:-- 11.2M
[1m[92m[ Info  ][0m[0m downloading: https://downloads.haskell.org/~ghc/9.2.8/ghc-9.2.8-x86_64-deb10-linux.tar.xz as file /root/.ghcup/tmp/ghcup-16727b3b006ef2d2/ghc-9.2.8-x86_64-deb10-linux.tar.xz
  % Total    % Received % Xferd  Average Speed   Time    Time     Time  Current
                                 Dload  Upload   Total   Spent    Left  Speed
  0     0    0     0    0     0      0      0 --:--:-- --:--:-- --:--:--     0 67  233M   67  157M    0     0   279M      0 --:--:-- --:--:-- --:--:--  279M100  233M  100  233M    0     0   299M      0 --:--:-- --:--:-- --:--:--  299M
[1m[92m[ Info  ][0m[0m verifying digest of: ghc-9.2.8-x86_64-deb10-linux.tar.xz
[1m[92m[ Info  ][0m[0m Unpacking: ghc-9.2.8-x86_64-deb10-linux.tar.xz to /root/.ghcup/tmp/ghcup-aa4a340c5a30f469
[1m[92m[ Info  ][0m[0m Installing ghc






[6A[0J





[6A[0J[1m[92m[ Info  ][0m[0m ghc installation successful
1|64
2|8
3|6
4|10
5|4
6|5
7|5
8|128
9|16
10|12
11|*** Exception: see Kernel_Config.thy
CallStack (from HasCallStack):
  error, called at src/SEL4/Config.lhs:36:15 in SEL4-13-inplace:SEL4.Config
12|*** Exception: see Kernel_Config.thy for definition
CallStack (from HasCallStack):
  error, called at src/SEL4/Config.lhs:41:16 in SEL4-13-inplace:SEL4.Config
13|256
14|*** Exception: see Kernel_Config.thy
CallStack (from HasCallStack):
  error, called at src/SEL4/Config.lhs:51:23 in SEL4-13-inplace:SEL4.Config
15|*** Exception: see Kernel_Config.thy
CallStack (from HasCallStack):
  error, called at src/SEL4/Config.lhs:56:20 in SEL4-13-inplace:SEL4.Config
16|3
17|2
18|1
19|0
20|-5
21|-9
22|-28
23|-29
24|0
25|0
26|0
27|0
28|3
29|2
30|2
31|1
32|0
33|64
34|128
35|192
36|0
37|0
38|192
39|0
40|10
41|12
42|21
43|30
44|39
45|84
46|120
47|291
48|300
49|0
50|0
51|0
52|0
53|0
54|0
55|0
56|0
57|0
58|1
59|2
60|7
61|4095
62|4096
63|18446744073709551615
64|9223372036854775808
65|18446743798831644672
66|18446743798831644672
67|18446743798831644673
68|18446743798831644674
69|18446743798831644679
70|18446743798831648767
71|18446743798831648768
72|18446743798831644671
73|9223371761976868864
74|274877906944
75|274877906945
76|274877906946
77|274877906951
78|274877911039
79|274877911040
80|274877906943
81|9223372311732682752
82|4294967296
83|4294967297
84|4294967298
85|4294967303
86|4294971391
87|4294971392
88|4294967295
89|9223372041149743104
90|12
91|*** Exception: unused on this architecture
CallStack (from HasCallStack):
  error, called at src/SEL4/Machine/Hardware/RISCV64/HiFive.hs:34:18 in SEL4-13-inplace:SEL4.Machine.Hardware.RISCV64.HiFive
92|0
93|*** Exception: generated from CMake config
CallStack (from HasCallStack):
  error, called at src/SEL4/Machine/Hardware.lhs:224:21 in SEL4-13-inplace:SEL4.Machine.Hardware
94|0
95|1
96|2
97|7
98|4095
99|4096
100|18446744073709551615
101|9223372036854775808
102|0
103|18446743798831644672
104|18446744071562067968
105|2147483648
106|18446744071562067968
107|18446743798831644672
108|18446743798831644672
109|18446743798831644673
110|18446743798831644674
111|18446743798831644679
112|18446743798831648767
113|18446743798831648768
114|18446743798831644671
115|9223371761976868864
116|274877906944
117|274877906945
118|274877906946
119|274877906951
120|274877911039
121|274877911040
122|274877906943
123|9223372311732682752
124|4294967296
125|4294967297
126|4294967298
127|4294967303
128|4294971391
129|4294971392
130|4294967295
131|9223372041149743104
132|12
133|9
134|3
135|12
136|*** Exception: unused on this architecture
CallStack (from HasCallStack):
  error, called at src/SEL4/Machine/Hardware/RISCV64/HiFive.hs:34:18 in SEL4-13-inplace:SEL4.Machine.Hardware.RISCV64.HiFive
137|2147483648
138|*** Exception: unused on this architecture
CallStack (from HasCallStack):
  error, called at src/SEL4/Machine/Hardware/RISCV64/HiFive.hs:34:18 in SEL4-13-inplace:SEL4.Machine.Hardware.RISCV64.HiFive
139|32
140|2
141|64
142|0
143|58
144|12
145|4
146|38
147|7
148|9
149|16
150|0
151|0
152|0
153|0
154|7
155|8
156|127
157|0
158|1
